// Jest Snapshot v1, https://goo.gl/fbAQLP

exports[`Basic GraphQL Schema Merge 1`] = `
GraphQLSchema {
  "__allowedLegacyNames": Array [],
  "__validationErrors": undefined,
  "_directives": Array [
    "@include",
    "@skip",
    "@deprecated",
  ],
  "_implementations": Object {},
  "_mutationType": "RootMutationType",
  "_possibleTypeMap": Object {},
  "_queryType": "RootQueryType",
  "_subscriptionType": "RootSubscriptionType",
  "_typeMap": Object {
    "Boolean": "Boolean",
    "RootMutationType": "RootMutationType",
    "RootQueryType": "RootQueryType",
    "RootSubscriptionType": "RootSubscriptionType",
    "String": "String",
    "__Directive": "__Directive",
    "__DirectiveLocation": "__DirectiveLocation",
    "__EnumValue": "__EnumValue",
    "__Field": "__Field",
    "__InputValue": "__InputValue",
    "__Schema": "__Schema",
    "__Type": "__Type",
    "__TypeKind": "__TypeKind",
  },
  "astNode": undefined,
  "extensionASTNodes": undefined,
  "extensions": undefined,
}
`;
